<p>Woah! jade <em>and</em> markdown, very <strong>cool</strong> we can even link to <a href="http://google.com">stuff</a> markdown</p>

<p>Here&#39;s some more text that should be parsed as markdown</p>
