<pre><code>(define x 42)
(define y 100)</code></pre>
