<html><body><p>Here&#39;s some more text that should be parsed as markdown</p></body></html>
