<html><body> 
<p>Here's some more text</p>
 </body></html>
