<html><body><h1>hello world</h1> 
<p>Here's some more text</p>
 </body></html>
